// Jest Snapshot v1, https://goo.gl/fbAQLP

exports[`ItemRepo renders correctly when there are no items 1`] = `
<View
  accessibilityState={
    {
      "busy": undefined,
      "checked": undefined,
      "disabled": undefined,
      "expanded": undefined,
      "selected": undefined,
    }
  }
  accessibilityValue={
    {
      "max": undefined,
      "min": undefined,
      "now": undefined,
      "text": undefined,
    }
  }
  accessible={true}
  collapsable={false}
  focusable={true}
  onClick={[Function]}
  onResponderGrant={[Function]}
  onResponderMove={[Function]}
  onResponderRelease={[Function]}
  onResponderTerminate={[Function]}
  onResponderTerminationRequest={[Function]}
  onStartShouldSetResponder={[Function]}
  style={
    {
      "flexDirection": "row",
      "justifyContent": "space-between",
      "opacity": 1,
      "width": "100%",
    }
  }
>
  <View
    style={
      [
        {
          "flexBasis": 0,
          "flexDirection": "row",
          "flexGrow": 8,
          "flexShrink": 1,
        },
      ]
    }
  >
    <Image
      source={
        {
          "uri": undefined,
        }
      }
      style={
        [
          {
            "backgroundColor": "#D9D9D9",
            "borderRadius": 50,
            "height": 52,
            "marginRight": 12,
            "width": 52,
          },
        ]
      }
      testID="avatar"
    />
    <View
      style={
        [
          {
            "flexBasis": 0,
            "flexGrow": 1,
            "flexShrink": 1,
            "marginRight": 5,
          },
        ]
      }
    >
      <Text
        numberOfLines={1}
        style={
          [
            {
              "color": "#000",
              "fontFamily": "SF Pro Text",
              "fontSize": 16,
              "fontStyle": "normal",
              "fontWeight": "600",
              "letterSpacing": -0.38,
              "lineHeight": 24,
              "marginBottom": 1,
            },
          ]
        }
        testID="name"
      >
        name
      </Text>
      <Text
        numberOfLines={1}
        style={
          [
            {
              "color": "#48484A",
              "fontFamily": "SF Pro Text",
              "fontSize": 14,
              "fontStyle": "normal",
              "fontWeight": "400",
              "lineHeight": 24,
            },
          ]
        }
        testID="owner"
      >
        user
      </Text>
    </View>
  </View>
  <Text
    numberOfLines={1}
    style={
      [
        {
          "color": "#48484A",
          "flexBasis": 0,
          "flexGrow": 2,
          "flexShrink": 1,
          "fontFamily": "SF Pro Text",
          "fontSize": 14,
          "fontStyle": "normal",
          "fontWeight": "400",
          "letterSpacing": -0.078,
          "lineHeight": 18,
          "marginRight": 4,
          "textAlign": "right",
        },
      ]
    }
    testID="stars"
  >
    0
  </Text>
</View>
`;

exports[`ItemRepo renders correctly when there is a single item 1`] = `
<View
  accessibilityState={
    {
      "busy": undefined,
      "checked": undefined,
      "disabled": undefined,
      "expanded": undefined,
      "selected": undefined,
    }
  }
  accessibilityValue={
    {
      "max": undefined,
      "min": undefined,
      "now": undefined,
      "text": undefined,
    }
  }
  accessible={true}
  collapsable={false}
  focusable={true}
  onClick={[Function]}
  onResponderGrant={[Function]}
  onResponderMove={[Function]}
  onResponderRelease={[Function]}
  onResponderTerminate={[Function]}
  onResponderTerminationRequest={[Function]}
  onStartShouldSetResponder={[Function]}
  style={
    {
      "flexDirection": "row",
      "justifyContent": "space-between",
      "opacity": 1,
      "width": "100%",
    }
  }
>
  <View
    style={
      [
        {
          "flexBasis": 0,
          "flexDirection": "row",
          "flexGrow": 8,
          "flexShrink": 1,
        },
      ]
    }
  >
    <Image
      source={
        {
          "uri": undefined,
        }
      }
      style={
        [
          {
            "backgroundColor": "#D9D9D9",
            "borderRadius": 50,
            "height": 52,
            "marginRight": 12,
            "width": 52,
          },
        ]
      }
      testID="avatar"
    />
    <View
      style={
        [
          {
            "flexBasis": 0,
            "flexGrow": 1,
            "flexShrink": 1,
            "marginRight": 5,
          },
        ]
      }
    >
      <Text
        numberOfLines={1}
        style={
          [
            {
              "color": "#000",
              "fontFamily": "SF Pro Text",
              "fontSize": 16,
              "fontStyle": "normal",
              "fontWeight": "600",
              "letterSpacing": -0.38,
              "lineHeight": 24,
              "marginBottom": 1,
            },
          ]
        }
        testID="name"
      >
        name
      </Text>
      <Text
        numberOfLines={1}
        style={
          [
            {
              "color": "#48484A",
              "fontFamily": "SF Pro Text",
              "fontSize": 14,
              "fontStyle": "normal",
              "fontWeight": "400",
              "lineHeight": 24,
            },
          ]
        }
        testID="owner"
      >
        user
      </Text>
    </View>
  </View>
  <Text
    numberOfLines={1}
    style={
      [
        {
          "color": "#48484A",
          "flexBasis": 0,
          "flexGrow": 2,
          "flexShrink": 1,
          "fontFamily": "SF Pro Text",
          "fontSize": 14,
          "fontStyle": "normal",
          "fontWeight": "400",
          "letterSpacing": -0.078,
          "lineHeight": 18,
          "marginRight": 4,
          "textAlign": "right",
        },
      ]
    }
    testID="stars"
  >
    0
  </Text>
</View>
`;
